// Jest Snapshot v1, https://goo.gl/fbAQLP

exports[`App render component MessageList 1`] = `
<DocumentFragment>
  <ul
    class="mes"
  >
    <li>
      <span
        class="author"
      >
        user: 
      </span>
      <span>
        test text
      </span>
       
    </li>
  </ul>
</DocumentFragment>
`;

exports[`App render with snapshot 1`] = `
<DocumentFragment>
  <form
    class="form"
  >
    <ul
      class="mes"
    />
    <input
      name="author"
      type="text"
      value=""
    />
    <button
      data-id="button1"
      disabled=""
      name="but"
      type="submit"
    >
       click me
    </button>
  </form>
</DocumentFragment>
`;
